[naturahimalaia.space/vsl2.html]
[naturahimalaia.space/file/fav.png]
[backblue.gif]
[fade.gif]
[index.html]
[naturahimalaia.space/file/logo.html]
[naturahimalaia.space/libs/main4be7.css]
[naturahimalaia.space/libs/header4be7.css]
[naturahimalaia.space/index.html]
[naturahimalaia.space/1.html]
[naturahimalaia.space/.html]
[naturahimalaia.space/0.html]
[naturahimalaia.space/libs/out4be7.css]
[connect.facebook.net/en_US/fbevents.js]
[images.converteai.net/7ccc1362-2860-4371-917c-92ecfbec948a/players/62c0ccdf514ed100098e837a/thumbnail.jpg]
[scripts.converteai.net/7ccc1362-2860-4371-917c-92ecfbec948a/players/62c0ccdf514ed100098e837a/player.js]
[naturahimalaia.space/midia/b/2207161130062.webp]
[naturahimalaia.space/midia/b/2207161130061.webp]
[naturahimalaia.space/midia/b/2207161130060.webp]
[naturahimalaia.space/midia/b/2207161130063.webp]
[images.converteai.net/7ccc1362-2860-4371-917c-92ecfbec948a/players/62c82a9122cfe4000a4cc24d/thumbnail.jpg]
[scripts.converteai.net/7ccc1362-2860-4371-917c-92ecfbec948a/players/62c82a9122cfe4000a4cc24d/player.js]
[images.converteai.net/7ccc1362-2860-4371-917c-92ecfbec948a/players/62c82a9f630d5a000c4e07b3/thumbnail.jpg]
[scripts.converteai.net/7ccc1362-2860-4371-917c-92ecfbec948a/players/62c82a9f630d5a000c4e07b3/player.js]
[images.converteai.net/7ccc1362-2860-4371-917c-92ecfbec948a/players/62c82aa45c5d42000dd8751a/thumbnail.jpg]
[scripts.converteai.net/7ccc1362-2860-4371-917c-92ecfbec948a/players/62c82aa45c5d42000dd8751a/player.js]
[naturahimalaia.space/midia/c/2207161244010.webp]
[naturahimalaia.space/midia/c/2207161343200.webp]
[naturahimalaia.space/midia/c/2207161338090.webp]
[naturahimalaia.space/midia/c/2207161344460.webp]
[naturahimalaia.space/file/index.html]
[connect.facebook.net/en_US/sdk.js]
[naturahimalaia.space/libs/site4be7.css]
[cdnjs.cloudflare.com/ajax/libs/jquery/3.6.0/jquery.min.js]
[cdn.jsdelivr.net/npm/uikit@3.15.0/dist/css/uikit.min.css]
[cdn.jsdelivr.net/npm/uikit@3.15.0/dist/js/uikit.min.js]
[cdn.jsdelivr.net/npm/uikit@3.15.1/dist/js/uikit-icons.min.js]
[naturahimalaia.space/libs/main4be7.js]
[naturahimalaia.space/vsl2.html]
[naturahimalaia.space/oferta.html]
[naturahimalaia.space/midia/c/2207160739180.webp]
[naturahimalaia.space/midia/d/2207160819450.webp]
[naturahimalaia.space/midia/d/2207160827560.webp]
[naturahimalaia.space/midia/d/2207160832450.webp]
[naturahimalaia.space/midia/d/2207160834490.webp]
[naturahimalaia.space/midia/d/2207160847200.webp]
[naturahimalaia.space/midia/d/2207160840320.webp]
[naturahimalaia.space/midia/d/2207160918580.webp]
[naturahimalaia.space/midia/d/2207160919460.webp]
[naturahimalaia.space/midia/d/2208021051480.webp]
[naturahimalaia.space/midia/d/2207160921130.webp]
[naturahimalaia.space/midia/c/2207160955300.webp]
[naturahimalaia.space/midia/c/2207161130062.webp]
[naturahimalaia.space/midia/c/2207161130061.webp]
[naturahimalaia.space/midia/c/2208021039590.webp]
[naturahimalaia.space/midia/c/2207161130063.webp]
[naturahimalaia.space/midia/c/2207161147050.webp]
[naturahimalaia.space/index.html]
[naturahimalaia.space/file/1.html]
[naturahimalaia.space/file/]
[naturahimalaia.space/file/logo.html]
[naturahimalaia.space/file/0.html]
[naturahimalaia.space/file/editar.svg]
[naturahimalaia.space/libs/main4be7.css]
[naturahimalaia.space/file/chield.svg]
[naturahimalaia.space/file/check.svg]
[naturahimalaia.space/libs/header4be7.css]
[naturahimalaia.space/1.html]
[naturahimalaia.space/.html]
[naturahimalaia.space/0.html]
[naturahimalaia.space/file/code.html]
[naturahimalaia.space/file/photo.svg]
[naturahimalaia.space/libs/out4be7.css]
[naturahimalaia.space/c.html]
[naturahimalaia.space/b.html]
[connect.facebook.net/en_US/fbevents.js]
[naturahimalaia.space/file/index.html]
[connect.facebook.net/en_US/sdk.js]
[naturahimalaia.space/libs/site4be7.css]
[cdn.jsdelivr.net/npm/uikit@3.15.0/dist/css/uikit.min.css]
[naturahimalaia.space/POST.html]
[naturahimalaia.space/midia/b/2207181021012.webp]
[naturahimalaia.space/midia/b/2207181021011.webp]
[naturahimalaia.space/midia/b/2207181021010.webp]
[naturahimalaia.space/midia/b/2207181021013.webp]
[naturahimalaia.space/midia/b/2207181021500.webp]
[naturahimalaia.space/midia/b/2207181026130.webp]
[naturahimalaia.space/midia/c/2207180207094.webp]
[naturahimalaia.space/midia/c/2207180207093.webp]
[naturahimalaia.space/midia/c/2207180207091.webp]
[naturahimalaia.space/midia/c/2207180207090.webp]
[naturahimalaia.space/midia/b/2207181027020.webp]
[naturahimalaia.space/midia/a/2207161244010.webp]
[naturahimalaia.space/oferta.html]
[naturahimalaia.space/file/1.html]
[naturahimalaia.space/file/.html]
[naturahimalaia.space/file/0.html]
[naturahimalaia.space/file/editar.svg]
[naturahimalaia.space/file/chield.svg]
[naturahimalaia.space/file/check.svg]
[naturahimalaia.space/file/code.html]
[naturahimalaia.space/file/photo.svg]
[naturahimalaia.space/c.html]
[naturahimalaia.space/b.html]
[naturahimalaia.space/POST.html]
